MAP
  FONTSET "../symbols/fontes.txt"
  SYMBOLSET "../symbols/simbolosv6.sym"
  LAYER
    COMPOSITE
      OPACITY 80
    END # COMPOSITE
    CONNECTION "ses"
    CONNECTIONTYPE POSTGIS
    DATA "geom FROM (select * FROM geo.distribcep) as foo USING UNIQUE id USING SRID=4674"
    METADATA
      "cache"	"nao"
      "CLASSE"	"SIM"
      "permitekmz"	"NAO"
      "TILES"	"SIM"
      "extensao"	"-48.285791068245 -16.050264262644 -47.308386987058 -15.500255153363"
      "permitedownload"	"NAO"
      "permitekml"	"NAO"
      "permiteogc"	"NAO"
      "convcaracter"	"SIM"
      "TEMA"	"Destaque das áreas edificadas"
      "IDENTIFICA"	"nao"
    END # METADATA
    NAME "distribcep"
    PROCESSING "LABEL_NO_CLIP=True"
    PROCESSING "POLYLINE_NO_CLIP=True"
    STATUS DEFAULT
    TEMPLATE "none.htm"
    TILEITEM "location"
    TYPE POLYGON
    UNITS METERS
    CLASS
      NAME " "
      EXPRESSION ('[cep]'eq'f')
      STYLE
        COLOR 255 255 255
      END # STYLE
      TITLE ""
    END # CLASS
  END # LAYER

END # MAP

