MAP
#localhost:8019/i3geo/ms_criamapa.php?temasa=ubs&layers=ubs
#dmapas.saude.df.gov.br/i3geo/ms_criamapa.php?temasa=ubs&layers=ubs&interface=osm.phtml
  FONTSET "../symbols/fontes.txt"
  SYMBOLSET "../symbols/simbolosv6.sym"
  LAYER
    CONNECTION "stage"
    CONNECTIONTYPE POSTGIS
    DATA "geom from (SELECT ba.cnes as cod_cnes,ba.cnes_desc as nome_estab_cnes,ba.cnes_desc_geral as nome_estab_cnes_completo,ba.cod_tipo_unidade::numeric,bb.desc_tipo_unidade_ses as tipo_unidade,ba.geom FROM dbauxiliares.tb_unidade ba LEFT JOIN dbauxiliares_cnes.tb_tipo_unidade bb ON bb.cod_tipo_unidade = ba.cod_tipo_unidade WHERE ba.indica_sus = 'S') as foo using unique cod_cnes using srid=4674"
    METADATA
      "cache"	"nao"
      "TIP"	"tipo_unidade,nome_estab_cnes"
      "CLASSE"	"SIM"
      "permitekmz"	"SIM"
      "ITENSDESC"	"CNES,Sigla,Nome,Tipo"
      "TILES"	"SIM"
      "extensao"	"-48.42430114746093 -16.090850830078125 -47.14233398437499 -15.43785095214844"
      "permitedownload"	"SIM"
      "UTFDATA"	"nome_estab_cnes"
      "ITENS"	"cod_cnes,nome_estab_cnes,nome_estab_cnes_completo,tipo_unidade"
      "permiteogc"	"SIM"
      "permitekml"	"SIM"
      "TEMA"	"teste"
      "convcaracter"	"SIM"
      "cortepixels"	"20"
      "IDENTIFICA"	"sim"
      "FUNCOESJS" '[{"tipo":"registro","titulo":"Abrangência","script":"../ses/codigo/abrangenciaubs.js","funcao":"abrangenciaubs","parametros":["cod_cnes"]},{"tipo":"registro","titulo":"Ficha da unidade","script":"../ses/codigo/fichaunidade.js","funcao":"fichaunidade","parametros":["cod_cnes"]}]'
    END # METADATA
    NAME "testeunidades"
    PROCESSING "LABEL_NO_CLIP=True"
    PROCESSING "POLYLINE_NO_CLIP=True"
    STATUS DEFAULT
    TEMPLATE "none.htm"
    TILEITEM "location"
    TYPE POINT
    UNITS METERS
    CLASS
      NAME ""
      STYLE
        SIZE 20
        COLOR 255 0 0
        SYMBOL "ponto"
      END # STYLE
      TITLE ""
    END # CLASS
  END # LAYER
END # MAP


