MAP
  FONTSET "../symbols/fontes.txt"
  SYMBOLSET "../symbols/simbolosv6.sym"
  LAYER
    CONNECTION "stage"
    CONNECTIONTYPE POSTGIS
    DATA "geom from (SELECT st_x(geom) AS longitude, st_y(geom) AS latitude, CASE WHEN ba.porta_aberta = 't' THEN 'sim' ELSE 'nao' END AS porta_aberta,ba.cnes as cod_cnes,ba.cnes_desc as nome_estab_cnes,ba.cnes_desc_geral as nomecompleto,ba.cod_tipo_unidade::numeric,bb.desc_tipo_unidade_ses as tipo_unidade,ba.geom FROM dbauxiliares.tb_unidade ba LEFT JOIN dbauxiliares_cnes.tb_tipo_unidade bb ON bb.cod_tipo_unidade = ba.cod_tipo_unidade WHERE geom is not null AND ba.indica_sus = 'S' AND ba.cod_tipo_unidade IN (2,3,6,4,5,7,36,39,40,42,62,76,43,50,67,68,76,81,82,69,70,73,79,80)) as foo using unique cod_cnes using srid=4674"
    LABELMAXSCALEDENOM 35000
    METADATA
      "TIP"	"nome,regiao_de_saude,endereco"
      "cache"	"sim"
      "CLASSE"	"SIM"
      "olopacity"	""
      "permitekmz"	"SIM"
      "gmopacity"	""
      "gmstatus"	""
      "ITENSDESC"	"Nome,Região de saúde,Endereço"
      "ITENSLINK"	","
      "TILES"	"SIM"
      "arquivotemaoriginal"	""
      "extensao"	"-48.42430114746093 -16.090850830078125 -47.14233398437499 -15.43785095214844"
      "nomeoriginal"	""
      "olstatus"	""
      "permitedownload"	"SIM"
      "FILTROORIGINAL"	""
      "DATAORIGINAL"	""
      "itembuscarapida"	""
      "ITENS"	"nome,regiao_de_saude,endereco"
      "permiteogc"	"SIM"
      "permitekml"	"SIM"
      "TEMA"	"Principais unidades de saúde públicas por tipo"
      "convcaracter"	"SIM"
      "cortepixels"	"25"
      "IDENTIFICA"	"sim"
      "UTFDATA" "nome_fantasia"
    END # METADATA
    NAME "unidadesportipoprincipais"
    PROCESSING "LABEL_NO_CLIP=True"
    STATUS DEFAULT
    TEMPLATE "none.htm"
    TILEITEM "location"
    TYPE POINT
    UNITS METERS
    LABELCACHE ON
    CLASS #
      NAME "UPA"
      EXPRESSION ([cod_tipo_unidade] in "73")
      STYLE
        SIZE 25
        SYMBOL "upa"
        OFFSET 0 -12
      END # STYLE
      TITLE ""
    END # CLASS
    CLASS #
      NAME "UBS"
      EXPRESSION ([cod_tipo_unidade] in "2,3,6")
      STYLE
        SIZE 25
        SYMBOL "ubs"
        OFFSET 0 -12
      END # STYLE
      TITLE ""
    END # CLASS
    CLASS #
      NAME "Hospital"
      EXPRESSION ([cod_tipo_unidade] in "5,7")
      STYLE
        SIZE 25
        SYMBOL "hospital-2"
        OFFSET 0 -12
      END # STYLE
      TITLE ""
    END # CLASS
    CLASS #
      NAME "Hospital Dia"
      EXPRESSION ([cod_tipo_unidade] in "62")
      STYLE
        SIZE 25
        SYMBOL "hospital-3"
        OFFSET 0 -12
      END # STYLE
      TITLE ""
    END # CLASS
    CLASS #
      NAME "Policlínica"
      EXPRESSION ([cod_tipo_unidade] in "4")
      STYLE
        SIZE 25
        SYMBOL "unidade2-laranja"
        OFFSET 0 -12
      END # STYLE
      TITLE ""
    END # CLASS
    CLASS #
      NAME "Centro de especialidade"
      EXPRESSION ([cod_tipo_unidade] in "36")
      STYLE
        SIZE 25
        SYMBOL "unidade1-laranja"
        OFFSET 0 -12
      END # STYLE
      TITLE ""
    END # CLASS
    CLASS #
      NAME "CAPS"
      EXPRESSION ([cod_tipo_unidade] in "70")
      STYLE
        SIZE 25
        SYMBOL "sozialeeinrichtung"
        OFFSET 0 -12
      END # STYLE
      TITLE ""
    END # CLASS
    CLASS #
      NAME "Unidade Móvel Terrestre"
      EXPRESSION ([cod_tipo_unidade] in "49")
      STYLE
        SIZE 25
        SYMBOL "ambulance3"
        OFFSET 0 -12
      END # STYLE
      TITLE ""
    END # CLASS
  END # LAYER

END # MAP

